+ STAT=/usr/bin/stat
+ ID=/usr/bin/id
+ GETENT=/usr/bin/getent
+ AWK=/bin/awk
+ USERMOD=/usr/sbin/usermod
+ LN=/bin/ln
+ MV=/bin/mv
+ TOUCH=/bin/touch
+ ECHO=/bin/echo
+ MKDIR=/bin/mkdir
+ RM=/bin/rm
+ RMDIR=/bin/rmdir
+ GREP=/bin/grep
+ WC=/usr/bin/wc
+ MKTEMP=/bin/mktemp
+ DATE=/bin/date
+ CAT=/bin/cat
+ LOGSIZE=300
+ USR_REVOKE_LIST=()
++ /bin/mktemp
+ TEMP_FILE=/tmp/tmp.VI1RLLX1vP
+ NFS_PATH=mtlfs03.yok.mtl.com:/vol/adams_test
+ TTL=0
+ MountPoint=/mnt/mtlfs03_adams_test_19988
+ functions_path=/home/yokadm/Monitors/functions
+ contact_list_path=/home/yokadm/Monitors/Contact_Groups
+ grp=IT_BASIC
+ GROUP=IT_STORAGE_adams
++ hostname
+ host=mtlstadm01.mtl.com
+ host=mtlstadm01
+ '[' mtlstadm01 '!=' sysmon -a mtlstadm01 '!=' sysmon02 -a mtlstadm01 '!=' mtlstadm01 ']'
+ . /home/yokadm/Monitors/functions/bashIFS.bash
+ . /home/yokadm/Monitors/functions/mail/sendMail.bash
+ . /home/yokadm/Monitors/functions/Contact_Management/contact_management_functions.bash
++ . /home/yokadm/Monitors/functions/Contact_Management/globalVariables.bash
+++ contact_list_path=/home/yokadm/Monitors/Contact_Groups
+ . /root/scripts/functions/LogHandler.bash
++ LOGSIZE=300
+++ basename directory_cleaner.sh
++ LOGFILEPATH=directory_cleaner.sh
++ LOGFILEPATH=directory_cleaner.log
+ sender='AUTOMATIC CLEANER TESTING'
+ rotateLog
+ '[' '!' -d directory_cleaner.log ']'
+ mkdir directory_cleaner.log
+ '[' '!' -f directory_cleaner.log/log ']'
+ ln -s log.0 directory_cleaner.log/log
+ '[' '!' -f directory_cleaner.log/log.0 ']'
+ touch directory_cleaner.log/log.0
+ '[' '!' -f directory_cleaner.log/log.1 ']'
+ touch directory_cleaner.log/log.1
+ '[' '!' -f directory_cleaner.log/log.2 ']'
+ touch directory_cleaner.log/log.2
+ '[' '!' -f directory_cleaner.log/log.3 ']'
+ touch directory_cleaner.log/log.3
+ '[' '!' -f directory_cleaner.log/log.4 ']'
+ touch directory_cleaner.log/log.4
++ du -sk directory_cleaner.log/log.0
++ awk '{print $1}'
+ '[' 0 -gt 300 ']'
+ wrLog '-I- AUTOMATIC CLEANER TESTING START'
+ '[' '!' -d directory_cleaner.log ']'
++ date
++ hostname
+ echo 'Sun Oct 30 18:10:14 IST 2016 mtlstadm01.mtl.com directory_cleaner.sh[19988]: -I- AUTOMATIC CLEANER TESTING START'
+ wrLog '-I- NFS PATH IS SET TO mtlfs03.yok.mtl.com:/vol/adams_test, MOUNTPOINT IS SET TO /mnt/mtlfs03_adams_test_19988'
+ '[' '!' -d directory_cleaner.log ']'
++ date
++ hostname
+ echo 'Sun Oct 30 18:10:14 IST 2016 mtlstadm01.mtl.com directory_cleaner.sh[19988]: -I- NFS PATH IS SET TO mtlfs03.yok.mtl.com:/vol/adams_test, MOUNTPOINT IS SET TO /mnt/mtlfs03_adams_test_19988'
+ wrLog '-I- TRYING TO CREATE MOUNTPOINT /mnt/mtlfs03_adams_test_19988'
+ '[' '!' -d directory_cleaner.log ']'
++ date
++ hostname
+ echo 'Sun Oct 30 18:10:14 IST 2016 mtlstadm01.mtl.com directory_cleaner.sh[19988]: -I- TRYING TO CREATE MOUNTPOINT /mnt/mtlfs03_adams_test_19988'
+ /bin/mkdir /mnt/mtlfs03_adams_test_19988
+ wrLog '-I- MOUNTPOINT /mnt/mtlfs03_adams_test_19988 CREATED'
+ '[' '!' -d directory_cleaner.log ']'
++ date
++ hostname
+ echo 'Sun Oct 30 18:10:14 IST 2016 mtlstadm01.mtl.com directory_cleaner.sh[19988]: -I- MOUNTPOINT /mnt/mtlfs03_adams_test_19988 CREATED'
+ wrLog '-I- TRYING TO MOUNT NFS PATH mtlfs03.yok.mtl.com:/vol/adams_test TO /mnt/mtlfs03_adams_test_19988...'
+ '[' '!' -d directory_cleaner.log ']'
++ date
++ hostname
+ echo 'Sun Oct 30 18:10:14 IST 2016 mtlstadm01.mtl.com directory_cleaner.sh[19988]: -I- TRYING TO MOUNT NFS PATH mtlfs03.yok.mtl.com:/vol/adams_test TO /mnt/mtlfs03_adams_test_19988...'
+ /bin/mount mtlfs03.yok.mtl.com:/vol/adams_test /mnt/mtlfs03_adams_test_19988
+ wrLog '-I- MOUNTED NFS PATH mtlfs03.yok.mtl.com:/vol/adams_test TO  /mnt/mtlfs03_adams_test_19988 CREATED'
+ '[' '!' -d directory_cleaner.log ']'
++ date
++ hostname
+ echo 'Sun Oct 30 18:10:14 IST 2016 mtlstadm01.mtl.com directory_cleaner.sh[19988]: -I- MOUNTED NFS PATH mtlfs03.yok.mtl.com:/vol/adams_test TO  /mnt/mtlfs03_adams_test_19988 CREATED'
++ ls /mnt/mtlfs03_adams_test_19988/
+ for project in '$(ls ${MountPoint}/)'
+ wrLog '-I- CHECKING PROJECT /mnt/mtlfs03_adams_test_19988/project1 DIRECTORY'
+ '[' '!' -d directory_cleaner.log ']'
++ date
++ hostname
+ echo 'Sun Oct 30 18:10:14 IST 2016 mtlstadm01.mtl.com directory_cleaner.sh[19988]: -I- CHECKING PROJECT /mnt/mtlfs03_adams_test_19988/project1 DIRECTORY'
++ ls /mnt/mtlfs03_adams_test_19988/project1/
+ for user in '$(ls ${MountPoint}/${project}/)'
+ wrLog '-I-  CHECKING USER=user1 - /mnt/mtlfs03_adams_test_19988/project1/user1 DIRECTORY'
+ '[' '!' -d directory_cleaner.log ']'
++ date
++ hostname
+ echo 'Sun Oct 30 18:10:14 IST 2016 mtlstadm01.mtl.com directory_cleaner.sh[19988]: -I-  CHECKING USER=user1 - /mnt/mtlfs03_adams_test_19988/project1/user1 DIRECTORY'
++ ls /mnt/mtlfs03_adams_test_19988/project1/user1/
+ for area in '$(ls ${MountPoint}/${project}/${user}/)'
+ wrLog '-I-      CHECKING AREA=dir1 /mnt/mtlfs03_adams_test_19988/project1/user1/dir1 DIRECTORY'
+ '[' '!' -d directory_cleaner.log ']'
++ date
++ hostname
+ echo 'Sun Oct 30 18:10:14 IST 2016 mtlstadm01.mtl.com directory_cleaner.sh[19988]: -I-      CHECKING AREA=dir1 /mnt/mtlfs03_adams_test_19988/project1/user1/dir1 DIRECTORY'
+ '[' -L /mnt/mtlfs03_adams_test_19988/project1/user1/dir1 ']'
+ objectsAmount=0
+ filesAmount=0
++ find /mnt/mtlfs03_adams_test_19988/project1/user1/dir1 -atime -0 -print
++ wc -l
+ objectsAmount=0
+ '[' 0 -eq 0 ']'
+ wrLog '-I-      No objects found which were accessed during last 0 days in /mnt/mtlfs03_adams_test_19988/project1/user1/dir1'
+ '[' '!' -d directory_cleaner.log ']'
++ date
++ hostname
+ echo 'Sun Oct 30 18:10:14 IST 2016 mtlstadm01.mtl.com directory_cleaner.sh[19988]: -I-      No objects found which were accessed during last 0 days in /mnt/mtlfs03_adams_test_19988/project1/user1/dir1'
+ wrLog '-I-      Deleting AREA=/mnt/mtlfs03_adams_test_19988/project1/user1/dir1'
+ '[' '!' -d directory_cleaner.log ']'
++ date
++ hostname
+ echo 'Sun Oct 30 18:10:14 IST 2016 mtlstadm01.mtl.com directory_cleaner.sh[19988]: -I-      Deleting AREA=/mnt/mtlfs03_adams_test_19988/project1/user1/dir1'
+ '[' -d /mnt/mtlfs03_adams_test_19988/project1/user1/dir1 -a X/mnt/mtlfs03_adams_test_19988 '!=' X -a Xuser1 '!=' X -a Xproject1 '!=' X -a Xdir1 '!=' X ']'
+ /bin/rm -rf /mnt/mtlfs03_adams_test_19988/project1/user1/dir1
+ continue
+ for area in '$(ls ${MountPoint}/${project}/${user}/)'
+ wrLog '-I-      CHECKING AREA=dir2 /mnt/mtlfs03_adams_test_19988/project1/user1/dir2 DIRECTORY'
+ '[' '!' -d directory_cleaner.log ']'
++ date
++ hostname
+ echo 'Sun Oct 30 18:10:14 IST 2016 mtlstadm01.mtl.com directory_cleaner.sh[19988]: -I-      CHECKING AREA=dir2 /mnt/mtlfs03_adams_test_19988/project1/user1/dir2 DIRECTORY'
+ '[' -L /mnt/mtlfs03_adams_test_19988/project1/user1/dir2 ']'
+ objectsAmount=0
+ filesAmount=0
++ find /mnt/mtlfs03_adams_test_19988/project1/user1/dir2 -atime -0 -print
++ wc -l
+ objectsAmount=0
+ '[' 0 -eq 0 ']'
+ wrLog '-I-      No objects found which were accessed during last 0 days in /mnt/mtlfs03_adams_test_19988/project1/user1/dir2'
+ '[' '!' -d directory_cleaner.log ']'
++ date
++ hostname
+ echo 'Sun Oct 30 18:10:14 IST 2016 mtlstadm01.mtl.com directory_cleaner.sh[19988]: -I-      No objects found which were accessed during last 0 days in /mnt/mtlfs03_adams_test_19988/project1/user1/dir2'
+ wrLog '-I-      Deleting AREA=/mnt/mtlfs03_adams_test_19988/project1/user1/dir2'
+ '[' '!' -d directory_cleaner.log ']'
++ date
++ hostname
+ echo 'Sun Oct 30 18:10:14 IST 2016 mtlstadm01.mtl.com directory_cleaner.sh[19988]: -I-      Deleting AREA=/mnt/mtlfs03_adams_test_19988/project1/user1/dir2'
+ '[' -d /mnt/mtlfs03_adams_test_19988/project1/user1/dir2 -a X/mnt/mtlfs03_adams_test_19988 '!=' X -a Xuser1 '!=' X -a Xproject1 '!=' X -a Xdir2 '!=' X ']'
+ /bin/rm -rf /mnt/mtlfs03_adams_test_19988/project1/user1/dir2
+ continue
+ for area in '$(ls ${MountPoint}/${project}/${user}/)'
+ wrLog '-I-      CHECKING AREA=dir3 /mnt/mtlfs03_adams_test_19988/project1/user1/dir3 DIRECTORY'
+ '[' '!' -d directory_cleaner.log ']'
++ date
++ hostname
+ echo 'Sun Oct 30 18:10:14 IST 2016 mtlstadm01.mtl.com directory_cleaner.sh[19988]: -I-      CHECKING AREA=dir3 /mnt/mtlfs03_adams_test_19988/project1/user1/dir3 DIRECTORY'
+ '[' -L /mnt/mtlfs03_adams_test_19988/project1/user1/dir3 ']'
+ objectsAmount=0
+ filesAmount=0
++ find /mnt/mtlfs03_adams_test_19988/project1/user1/dir3 -atime -0 -print
++ wc -l
+ objectsAmount=0
+ '[' 0 -eq 0 ']'
+ wrLog '-I-      No objects found which were accessed during last 0 days in /mnt/mtlfs03_adams_test_19988/project1/user1/dir3'
+ '[' '!' -d directory_cleaner.log ']'
++ date
++ hostname
+ echo 'Sun Oct 30 18:10:14 IST 2016 mtlstadm01.mtl.com directory_cleaner.sh[19988]: -I-      No objects found which were accessed during last 0 days in /mnt/mtlfs03_adams_test_19988/project1/user1/dir3'
+ wrLog '-I-      Deleting AREA=/mnt/mtlfs03_adams_test_19988/project1/user1/dir3'
+ '[' '!' -d directory_cleaner.log ']'
++ date
++ hostname
+ echo 'Sun Oct 30 18:10:14 IST 2016 mtlstadm01.mtl.com directory_cleaner.sh[19988]: -I-      Deleting AREA=/mnt/mtlfs03_adams_test_19988/project1/user1/dir3'
+ '[' -d /mnt/mtlfs03_adams_test_19988/project1/user1/dir3 -a X/mnt/mtlfs03_adams_test_19988 '!=' X -a Xuser1 '!=' X -a Xproject1 '!=' X -a Xdir3 '!=' X ']'
+ /bin/rm -rf /mnt/mtlfs03_adams_test_19988/project1/user1/dir3
+ continue
++ ls /mnt/mtlfs03_adams_test_19988/project1/user1/
++ wc -l
+ [[ 0 -eq 0 ]]
++ find /mnt/mtlfs03_adams_test_19988/project1/user1 -type d -mtime -0 -print
++ wc -l
+ [[ 1 -eq 0 ]]
+ wrLog '-I-  USER=user1 /mnt/mtlfs03_adams_test_19988/project1/user1 CHECK FINISHED'
+ '[' '!' -d directory_cleaner.log ']'
++ date
++ hostname
+ echo 'Sun Oct 30 18:10:14 IST 2016 mtlstadm01.mtl.com directory_cleaner.sh[19988]: -I-  USER=user1 /mnt/mtlfs03_adams_test_19988/project1/user1 CHECK FINISHED'
+ for user in '$(ls ${MountPoint}/${project}/)'
+ wrLog '-I-  CHECKING USER=user2 - /mnt/mtlfs03_adams_test_19988/project1/user2 DIRECTORY'
+ '[' '!' -d directory_cleaner.log ']'
++ date
++ hostname
+ echo 'Sun Oct 30 18:10:14 IST 2016 mtlstadm01.mtl.com directory_cleaner.sh[19988]: -I-  CHECKING USER=user2 - /mnt/mtlfs03_adams_test_19988/project1/user2 DIRECTORY'
++ ls /mnt/mtlfs03_adams_test_19988/project1/user2/
+ for area in '$(ls ${MountPoint}/${project}/${user}/)'
+ wrLog '-I-      CHECKING AREA=dir1 /mnt/mtlfs03_adams_test_19988/project1/user2/dir1 DIRECTORY'
+ '[' '!' -d directory_cleaner.log ']'
++ date
++ hostname
+ echo 'Sun Oct 30 18:10:14 IST 2016 mtlstadm01.mtl.com directory_cleaner.sh[19988]: -I-      CHECKING AREA=dir1 /mnt/mtlfs03_adams_test_19988/project1/user2/dir1 DIRECTORY'
+ '[' -L /mnt/mtlfs03_adams_test_19988/project1/user2/dir1 ']'
+ objectsAmount=0
+ filesAmount=0
++ find /mnt/mtlfs03_adams_test_19988/project1/user2/dir1 -atime -0 -print
++ wc -l
+ objectsAmount=0
+ '[' 0 -eq 0 ']'
+ wrLog '-I-      No objects found which were accessed during last 0 days in /mnt/mtlfs03_adams_test_19988/project1/user2/dir1'
+ '[' '!' -d directory_cleaner.log ']'
++ date
++ hostname
+ echo 'Sun Oct 30 18:10:14 IST 2016 mtlstadm01.mtl.com directory_cleaner.sh[19988]: -I-      No objects found which were accessed during last 0 days in /mnt/mtlfs03_adams_test_19988/project1/user2/dir1'
+ wrLog '-I-      Deleting AREA=/mnt/mtlfs03_adams_test_19988/project1/user2/dir1'
+ '[' '!' -d directory_cleaner.log ']'
++ date
++ hostname
+ echo 'Sun Oct 30 18:10:14 IST 2016 mtlstadm01.mtl.com directory_cleaner.sh[19988]: -I-      Deleting AREA=/mnt/mtlfs03_adams_test_19988/project1/user2/dir1'
+ '[' -d /mnt/mtlfs03_adams_test_19988/project1/user2/dir1 -a X/mnt/mtlfs03_adams_test_19988 '!=' X -a Xuser2 '!=' X -a Xproject1 '!=' X -a Xdir1 '!=' X ']'
+ /bin/rm -rf /mnt/mtlfs03_adams_test_19988/project1/user2/dir1
+ continue
+ for area in '$(ls ${MountPoint}/${project}/${user}/)'
+ wrLog '-I-      CHECKING AREA=dir2 /mnt/mtlfs03_adams_test_19988/project1/user2/dir2 DIRECTORY'
+ '[' '!' -d directory_cleaner.log ']'
++ date
++ hostname
+ echo 'Sun Oct 30 18:10:14 IST 2016 mtlstadm01.mtl.com directory_cleaner.sh[19988]: -I-      CHECKING AREA=dir2 /mnt/mtlfs03_adams_test_19988/project1/user2/dir2 DIRECTORY'
+ '[' -L /mnt/mtlfs03_adams_test_19988/project1/user2/dir2 ']'
+ objectsAmount=0
+ filesAmount=0
++ find /mnt/mtlfs03_adams_test_19988/project1/user2/dir2 -atime -0 -print
++ wc -l
+ objectsAmount=0
+ '[' 0 -eq 0 ']'
+ wrLog '-I-      No objects found which were accessed during last 0 days in /mnt/mtlfs03_adams_test_19988/project1/user2/dir2'
+ '[' '!' -d directory_cleaner.log ']'
++ date
++ hostname
+ echo 'Sun Oct 30 18:10:14 IST 2016 mtlstadm01.mtl.com directory_cleaner.sh[19988]: -I-      No objects found which were accessed during last 0 days in /mnt/mtlfs03_adams_test_19988/project1/user2/dir2'
+ wrLog '-I-      Deleting AREA=/mnt/mtlfs03_adams_test_19988/project1/user2/dir2'
+ '[' '!' -d directory_cleaner.log ']'
++ date
++ hostname
+ echo 'Sun Oct 30 18:10:14 IST 2016 mtlstadm01.mtl.com directory_cleaner.sh[19988]: -I-      Deleting AREA=/mnt/mtlfs03_adams_test_19988/project1/user2/dir2'
+ '[' -d /mnt/mtlfs03_adams_test_19988/project1/user2/dir2 -a X/mnt/mtlfs03_adams_test_19988 '!=' X -a Xuser2 '!=' X -a Xproject1 '!=' X -a Xdir2 '!=' X ']'
+ /bin/rm -rf /mnt/mtlfs03_adams_test_19988/project1/user2/dir2
+ continue
+ for area in '$(ls ${MountPoint}/${project}/${user}/)'
+ wrLog '-I-      CHECKING AREA=dir3 /mnt/mtlfs03_adams_test_19988/project1/user2/dir3 DIRECTORY'
+ '[' '!' -d directory_cleaner.log ']'
++ date
++ hostname
+ echo 'Sun Oct 30 18:10:14 IST 2016 mtlstadm01.mtl.com directory_cleaner.sh[19988]: -I-      CHECKING AREA=dir3 /mnt/mtlfs03_adams_test_19988/project1/user2/dir3 DIRECTORY'
+ '[' -L /mnt/mtlfs03_adams_test_19988/project1/user2/dir3 ']'
+ objectsAmount=0
+ filesAmount=0
++ find /mnt/mtlfs03_adams_test_19988/project1/user2/dir3 -atime -0 -print
++ wc -l
+ objectsAmount=0
+ '[' 0 -eq 0 ']'
+ wrLog '-I-      No objects found which were accessed during last 0 days in /mnt/mtlfs03_adams_test_19988/project1/user2/dir3'
+ '[' '!' -d directory_cleaner.log ']'
++ date
++ hostname
+ echo 'Sun Oct 30 18:10:14 IST 2016 mtlstadm01.mtl.com directory_cleaner.sh[19988]: -I-      No objects found which were accessed during last 0 days in /mnt/mtlfs03_adams_test_19988/project1/user2/dir3'
+ wrLog '-I-      Deleting AREA=/mnt/mtlfs03_adams_test_19988/project1/user2/dir3'
+ '[' '!' -d directory_cleaner.log ']'
++ date
++ hostname
+ echo 'Sun Oct 30 18:10:14 IST 2016 mtlstadm01.mtl.com directory_cleaner.sh[19988]: -I-      Deleting AREA=/mnt/mtlfs03_adams_test_19988/project1/user2/dir3'
+ '[' -d /mnt/mtlfs03_adams_test_19988/project1/user2/dir3 -a X/mnt/mtlfs03_adams_test_19988 '!=' X -a Xuser2 '!=' X -a Xproject1 '!=' X -a Xdir3 '!=' X ']'
+ /bin/rm -rf /mnt/mtlfs03_adams_test_19988/project1/user2/dir3
+ continue
++ ls /mnt/mtlfs03_adams_test_19988/project1/user2/
++ wc -l
+ [[ 0 -eq 0 ]]
++ find /mnt/mtlfs03_adams_test_19988/project1/user2 -type d -mtime -0 -print
++ wc -l
+ [[ 1 -eq 0 ]]
+ wrLog '-I-  USER=user2 /mnt/mtlfs03_adams_test_19988/project1/user2 CHECK FINISHED'
+ '[' '!' -d directory_cleaner.log ']'
++ date
++ hostname
+ echo 'Sun Oct 30 18:10:14 IST 2016 mtlstadm01.mtl.com directory_cleaner.sh[19988]: -I-  USER=user2 /mnt/mtlfs03_adams_test_19988/project1/user2 CHECK FINISHED'
+ for user in '$(ls ${MountPoint}/${project}/)'
+ wrLog '-I-  CHECKING USER=user3 - /mnt/mtlfs03_adams_test_19988/project1/user3 DIRECTORY'
+ '[' '!' -d directory_cleaner.log ']'
++ date
++ hostname
+ echo 'Sun Oct 30 18:10:14 IST 2016 mtlstadm01.mtl.com directory_cleaner.sh[19988]: -I-  CHECKING USER=user3 - /mnt/mtlfs03_adams_test_19988/project1/user3 DIRECTORY'
++ ls /mnt/mtlfs03_adams_test_19988/project1/user3/
+ for area in '$(ls ${MountPoint}/${project}/${user}/)'
+ wrLog '-I-      CHECKING AREA=dir1 /mnt/mtlfs03_adams_test_19988/project1/user3/dir1 DIRECTORY'
+ '[' '!' -d directory_cleaner.log ']'
++ date
++ hostname
+ echo 'Sun Oct 30 18:10:14 IST 2016 mtlstadm01.mtl.com directory_cleaner.sh[19988]: -I-      CHECKING AREA=dir1 /mnt/mtlfs03_adams_test_19988/project1/user3/dir1 DIRECTORY'
+ '[' -L /mnt/mtlfs03_adams_test_19988/project1/user3/dir1 ']'
+ objectsAmount=0
+ filesAmount=0
++ find /mnt/mtlfs03_adams_test_19988/project1/user3/dir1 -atime -0 -print
++ wc -l
+ objectsAmount=0
+ '[' 0 -eq 0 ']'
+ wrLog '-I-      No objects found which were accessed during last 0 days in /mnt/mtlfs03_adams_test_19988/project1/user3/dir1'
+ '[' '!' -d directory_cleaner.log ']'
++ date
++ hostname
+ echo 'Sun Oct 30 18:10:14 IST 2016 mtlstadm01.mtl.com directory_cleaner.sh[19988]: -I-      No objects found which were accessed during last 0 days in /mnt/mtlfs03_adams_test_19988/project1/user3/dir1'
+ wrLog '-I-      Deleting AREA=/mnt/mtlfs03_adams_test_19988/project1/user3/dir1'
+ '[' '!' -d directory_cleaner.log ']'
++ date
++ hostname
+ echo 'Sun Oct 30 18:10:14 IST 2016 mtlstadm01.mtl.com directory_cleaner.sh[19988]: -I-      Deleting AREA=/mnt/mtlfs03_adams_test_19988/project1/user3/dir1'
+ '[' -d /mnt/mtlfs03_adams_test_19988/project1/user3/dir1 -a X/mnt/mtlfs03_adams_test_19988 '!=' X -a Xuser3 '!=' X -a Xproject1 '!=' X -a Xdir1 '!=' X ']'
+ /bin/rm -rf /mnt/mtlfs03_adams_test_19988/project1/user3/dir1
+ continue
+ for area in '$(ls ${MountPoint}/${project}/${user}/)'
+ wrLog '-I-      CHECKING AREA=dir2 /mnt/mtlfs03_adams_test_19988/project1/user3/dir2 DIRECTORY'
+ '[' '!' -d directory_cleaner.log ']'
++ date
++ hostname
+ echo 'Sun Oct 30 18:10:14 IST 2016 mtlstadm01.mtl.com directory_cleaner.sh[19988]: -I-      CHECKING AREA=dir2 /mnt/mtlfs03_adams_test_19988/project1/user3/dir2 DIRECTORY'
+ '[' -L /mnt/mtlfs03_adams_test_19988/project1/user3/dir2 ']'
+ objectsAmount=0
+ filesAmount=0
++ find /mnt/mtlfs03_adams_test_19988/project1/user3/dir2 -atime -0 -print
++ wc -l
+ objectsAmount=0
+ '[' 0 -eq 0 ']'
+ wrLog '-I-      No objects found which were accessed during last 0 days in /mnt/mtlfs03_adams_test_19988/project1/user3/dir2'
+ '[' '!' -d directory_cleaner.log ']'
++ date
++ hostname
+ echo 'Sun Oct 30 18:10:14 IST 2016 mtlstadm01.mtl.com directory_cleaner.sh[19988]: -I-      No objects found which were accessed during last 0 days in /mnt/mtlfs03_adams_test_19988/project1/user3/dir2'
+ wrLog '-I-      Deleting AREA=/mnt/mtlfs03_adams_test_19988/project1/user3/dir2'
+ '[' '!' -d directory_cleaner.log ']'
++ date
++ hostname
+ echo 'Sun Oct 30 18:10:14 IST 2016 mtlstadm01.mtl.com directory_cleaner.sh[19988]: -I-      Deleting AREA=/mnt/mtlfs03_adams_test_19988/project1/user3/dir2'
+ '[' -d /mnt/mtlfs03_adams_test_19988/project1/user3/dir2 -a X/mnt/mtlfs03_adams_test_19988 '!=' X -a Xuser3 '!=' X -a Xproject1 '!=' X -a Xdir2 '!=' X ']'
+ /bin/rm -rf /mnt/mtlfs03_adams_test_19988/project1/user3/dir2
+ continue
+ for area in '$(ls ${MountPoint}/${project}/${user}/)'
+ wrLog '-I-      CHECKING AREA=dir3 /mnt/mtlfs03_adams_test_19988/project1/user3/dir3 DIRECTORY'
+ '[' '!' -d directory_cleaner.log ']'
++ date
++ hostname
+ echo 'Sun Oct 30 18:10:14 IST 2016 mtlstadm01.mtl.com directory_cleaner.sh[19988]: -I-      CHECKING AREA=dir3 /mnt/mtlfs03_adams_test_19988/project1/user3/dir3 DIRECTORY'
+ '[' -L /mnt/mtlfs03_adams_test_19988/project1/user3/dir3 ']'
+ objectsAmount=0
+ filesAmount=0
++ find /mnt/mtlfs03_adams_test_19988/project1/user3/dir3 -atime -0 -print
++ wc -l
+ objectsAmount=0
+ '[' 0 -eq 0 ']'
+ wrLog '-I-      No objects found which were accessed during last 0 days in /mnt/mtlfs03_adams_test_19988/project1/user3/dir3'
+ '[' '!' -d directory_cleaner.log ']'
++ date
++ hostname
+ echo 'Sun Oct 30 18:10:14 IST 2016 mtlstadm01.mtl.com directory_cleaner.sh[19988]: -I-      No objects found which were accessed during last 0 days in /mnt/mtlfs03_adams_test_19988/project1/user3/dir3'
+ wrLog '-I-      Deleting AREA=/mnt/mtlfs03_adams_test_19988/project1/user3/dir3'
+ '[' '!' -d directory_cleaner.log ']'
++ date
++ hostname
+ echo 'Sun Oct 30 18:10:14 IST 2016 mtlstadm01.mtl.com directory_cleaner.sh[19988]: -I-      Deleting AREA=/mnt/mtlfs03_adams_test_19988/project1/user3/dir3'
+ '[' -d /mnt/mtlfs03_adams_test_19988/project1/user3/dir3 -a X/mnt/mtlfs03_adams_test_19988 '!=' X -a Xuser3 '!=' X -a Xproject1 '!=' X -a Xdir3 '!=' X ']'
+ /bin/rm -rf /mnt/mtlfs03_adams_test_19988/project1/user3/dir3
+ continue
++ ls /mnt/mtlfs03_adams_test_19988/project1/user3/
++ wc -l
+ [[ 0 -eq 0 ]]
++ find /mnt/mtlfs03_adams_test_19988/project1/user3 -type d -mtime -0 -print
++ wc -l
+ [[ 1 -eq 0 ]]
+ wrLog '-I-  USER=user3 /mnt/mtlfs03_adams_test_19988/project1/user3 CHECK FINISHED'
+ '[' '!' -d directory_cleaner.log ']'
++ date
++ hostname
+ echo 'Sun Oct 30 18:10:14 IST 2016 mtlstadm01.mtl.com directory_cleaner.sh[19988]: -I-  USER=user3 /mnt/mtlfs03_adams_test_19988/project1/user3 CHECK FINISHED'
+ wrLog '-I- PROJECT=project1 /mnt/mtlfs03_adams_test_19988/project1 CHECK FINISHED'
+ '[' '!' -d directory_cleaner.log ']'
++ date
++ hostname
+ echo 'Sun Oct 30 18:10:14 IST 2016 mtlstadm01.mtl.com directory_cleaner.sh[19988]: -I- PROJECT=project1 /mnt/mtlfs03_adams_test_19988/project1 CHECK FINISHED'
+ for project in '$(ls ${MountPoint}/)'
+ wrLog '-I- CHECKING PROJECT /mnt/mtlfs03_adams_test_19988/project2 DIRECTORY'
+ '[' '!' -d directory_cleaner.log ']'
++ date
++ hostname
+ echo 'Sun Oct 30 18:10:14 IST 2016 mtlstadm01.mtl.com directory_cleaner.sh[19988]: -I- CHECKING PROJECT /mnt/mtlfs03_adams_test_19988/project2 DIRECTORY'
++ ls /mnt/mtlfs03_adams_test_19988/project2/
+ for user in '$(ls ${MountPoint}/${project}/)'
+ wrLog '-I-  CHECKING USER=user1 - /mnt/mtlfs03_adams_test_19988/project2/user1 DIRECTORY'
+ '[' '!' -d directory_cleaner.log ']'
++ date
++ hostname
+ echo 'Sun Oct 30 18:10:14 IST 2016 mtlstadm01.mtl.com directory_cleaner.sh[19988]: -I-  CHECKING USER=user1 - /mnt/mtlfs03_adams_test_19988/project2/user1 DIRECTORY'
++ ls /mnt/mtlfs03_adams_test_19988/project2/user1/
+ for area in '$(ls ${MountPoint}/${project}/${user}/)'
+ wrLog '-I-      CHECKING AREA=dir1 /mnt/mtlfs03_adams_test_19988/project2/user1/dir1 DIRECTORY'
+ '[' '!' -d directory_cleaner.log ']'
++ date
++ hostname
+ echo 'Sun Oct 30 18:10:14 IST 2016 mtlstadm01.mtl.com directory_cleaner.sh[19988]: -I-      CHECKING AREA=dir1 /mnt/mtlfs03_adams_test_19988/project2/user1/dir1 DIRECTORY'
+ '[' -L /mnt/mtlfs03_adams_test_19988/project2/user1/dir1 ']'
+ objectsAmount=0
+ filesAmount=0
++ find /mnt/mtlfs03_adams_test_19988/project2/user1/dir1 -atime -0 -print
++ wc -l
+ objectsAmount=0
+ '[' 0 -eq 0 ']'
+ wrLog '-I-      No objects found which were accessed during last 0 days in /mnt/mtlfs03_adams_test_19988/project2/user1/dir1'
+ '[' '!' -d directory_cleaner.log ']'
++ date
++ hostname
+ echo 'Sun Oct 30 18:10:14 IST 2016 mtlstadm01.mtl.com directory_cleaner.sh[19988]: -I-      No objects found which were accessed during last 0 days in /mnt/mtlfs03_adams_test_19988/project2/user1/dir1'
+ wrLog '-I-      Deleting AREA=/mnt/mtlfs03_adams_test_19988/project2/user1/dir1'
+ '[' '!' -d directory_cleaner.log ']'
++ date
++ hostname
+ echo 'Sun Oct 30 18:10:14 IST 2016 mtlstadm01.mtl.com directory_cleaner.sh[19988]: -I-      Deleting AREA=/mnt/mtlfs03_adams_test_19988/project2/user1/dir1'
+ '[' -d /mnt/mtlfs03_adams_test_19988/project2/user1/dir1 -a X/mnt/mtlfs03_adams_test_19988 '!=' X -a Xuser1 '!=' X -a Xproject2 '!=' X -a Xdir1 '!=' X ']'
+ /bin/rm -rf /mnt/mtlfs03_adams_test_19988/project2/user1/dir1
+ continue
+ for area in '$(ls ${MountPoint}/${project}/${user}/)'
+ wrLog '-I-      CHECKING AREA=dir2 /mnt/mtlfs03_adams_test_19988/project2/user1/dir2 DIRECTORY'
+ '[' '!' -d directory_cleaner.log ']'
++ date
++ hostname
+ echo 'Sun Oct 30 18:10:14 IST 2016 mtlstadm01.mtl.com directory_cleaner.sh[19988]: -I-      CHECKING AREA=dir2 /mnt/mtlfs03_adams_test_19988/project2/user1/dir2 DIRECTORY'
+ '[' -L /mnt/mtlfs03_adams_test_19988/project2/user1/dir2 ']'
+ objectsAmount=0
+ filesAmount=0
++ find /mnt/mtlfs03_adams_test_19988/project2/user1/dir2 -atime -0 -print
++ wc -l
+ objectsAmount=0
+ '[' 0 -eq 0 ']'
+ wrLog '-I-      No objects found which were accessed during last 0 days in /mnt/mtlfs03_adams_test_19988/project2/user1/dir2'
+ '[' '!' -d directory_cleaner.log ']'
++ date
++ hostname
+ echo 'Sun Oct 30 18:10:14 IST 2016 mtlstadm01.mtl.com directory_cleaner.sh[19988]: -I-      No objects found which were accessed during last 0 days in /mnt/mtlfs03_adams_test_19988/project2/user1/dir2'
+ wrLog '-I-      Deleting AREA=/mnt/mtlfs03_adams_test_19988/project2/user1/dir2'
+ '[' '!' -d directory_cleaner.log ']'
++ date
++ hostname
+ echo 'Sun Oct 30 18:10:14 IST 2016 mtlstadm01.mtl.com directory_cleaner.sh[19988]: -I-      Deleting AREA=/mnt/mtlfs03_adams_test_19988/project2/user1/dir2'
+ '[' -d /mnt/mtlfs03_adams_test_19988/project2/user1/dir2 -a X/mnt/mtlfs03_adams_test_19988 '!=' X -a Xuser1 '!=' X -a Xproject2 '!=' X -a Xdir2 '!=' X ']'
+ /bin/rm -rf /mnt/mtlfs03_adams_test_19988/project2/user1/dir2
+ continue
+ for area in '$(ls ${MountPoint}/${project}/${user}/)'
+ wrLog '-I-      CHECKING AREA=dir3 /mnt/mtlfs03_adams_test_19988/project2/user1/dir3 DIRECTORY'
+ '[' '!' -d directory_cleaner.log ']'
++ date
++ hostname
+ echo 'Sun Oct 30 18:10:14 IST 2016 mtlstadm01.mtl.com directory_cleaner.sh[19988]: -I-      CHECKING AREA=dir3 /mnt/mtlfs03_adams_test_19988/project2/user1/dir3 DIRECTORY'
+ '[' -L /mnt/mtlfs03_adams_test_19988/project2/user1/dir3 ']'
+ objectsAmount=0
+ filesAmount=0
++ find /mnt/mtlfs03_adams_test_19988/project2/user1/dir3 -atime -0 -print
++ wc -l
+ objectsAmount=0
+ '[' 0 -eq 0 ']'
+ wrLog '-I-      No objects found which were accessed during last 0 days in /mnt/mtlfs03_adams_test_19988/project2/user1/dir3'
+ '[' '!' -d directory_cleaner.log ']'
++ date
++ hostname
+ echo 'Sun Oct 30 18:10:14 IST 2016 mtlstadm01.mtl.com directory_cleaner.sh[19988]: -I-      No objects found which were accessed during last 0 days in /mnt/mtlfs03_adams_test_19988/project2/user1/dir3'
+ wrLog '-I-      Deleting AREA=/mnt/mtlfs03_adams_test_19988/project2/user1/dir3'
+ '[' '!' -d directory_cleaner.log ']'
++ date
++ hostname
+ echo 'Sun Oct 30 18:10:14 IST 2016 mtlstadm01.mtl.com directory_cleaner.sh[19988]: -I-      Deleting AREA=/mnt/mtlfs03_adams_test_19988/project2/user1/dir3'
+ '[' -d /mnt/mtlfs03_adams_test_19988/project2/user1/dir3 -a X/mnt/mtlfs03_adams_test_19988 '!=' X -a Xuser1 '!=' X -a Xproject2 '!=' X -a Xdir3 '!=' X ']'
+ /bin/rm -rf /mnt/mtlfs03_adams_test_19988/project2/user1/dir3
+ continue
++ ls /mnt/mtlfs03_adams_test_19988/project2/user1/
++ wc -l
+ [[ 0 -eq 0 ]]
++ find /mnt/mtlfs03_adams_test_19988/project2/user1 -type d -mtime -0 -print
++ wc -l
+ [[ 1 -eq 0 ]]
+ wrLog '-I-  USER=user1 /mnt/mtlfs03_adams_test_19988/project2/user1 CHECK FINISHED'
+ '[' '!' -d directory_cleaner.log ']'
++ date
++ hostname
+ echo 'Sun Oct 30 18:10:14 IST 2016 mtlstadm01.mtl.com directory_cleaner.sh[19988]: -I-  USER=user1 /mnt/mtlfs03_adams_test_19988/project2/user1 CHECK FINISHED'
+ for user in '$(ls ${MountPoint}/${project}/)'
+ wrLog '-I-  CHECKING USER=user2 - /mnt/mtlfs03_adams_test_19988/project2/user2 DIRECTORY'
+ '[' '!' -d directory_cleaner.log ']'
++ date
++ hostname
+ echo 'Sun Oct 30 18:10:14 IST 2016 mtlstadm01.mtl.com directory_cleaner.sh[19988]: -I-  CHECKING USER=user2 - /mnt/mtlfs03_adams_test_19988/project2/user2 DIRECTORY'
++ ls /mnt/mtlfs03_adams_test_19988/project2/user2/
+ for area in '$(ls ${MountPoint}/${project}/${user}/)'
+ wrLog '-I-      CHECKING AREA=dir1 /mnt/mtlfs03_adams_test_19988/project2/user2/dir1 DIRECTORY'
+ '[' '!' -d directory_cleaner.log ']'
++ date
++ hostname
+ echo 'Sun Oct 30 18:10:14 IST 2016 mtlstadm01.mtl.com directory_cleaner.sh[19988]: -I-      CHECKING AREA=dir1 /mnt/mtlfs03_adams_test_19988/project2/user2/dir1 DIRECTORY'
+ '[' -L /mnt/mtlfs03_adams_test_19988/project2/user2/dir1 ']'
+ objectsAmount=0
+ filesAmount=0
++ find /mnt/mtlfs03_adams_test_19988/project2/user2/dir1 -atime -0 -print
++ wc -l
+ objectsAmount=0
+ '[' 0 -eq 0 ']'
+ wrLog '-I-      No objects found which were accessed during last 0 days in /mnt/mtlfs03_adams_test_19988/project2/user2/dir1'
+ '[' '!' -d directory_cleaner.log ']'
++ date
++ hostname
+ echo 'Sun Oct 30 18:10:14 IST 2016 mtlstadm01.mtl.com directory_cleaner.sh[19988]: -I-      No objects found which were accessed during last 0 days in /mnt/mtlfs03_adams_test_19988/project2/user2/dir1'
+ wrLog '-I-      Deleting AREA=/mnt/mtlfs03_adams_test_19988/project2/user2/dir1'
+ '[' '!' -d directory_cleaner.log ']'
++ date
++ hostname
+ echo 'Sun Oct 30 18:10:14 IST 2016 mtlstadm01.mtl.com directory_cleaner.sh[19988]: -I-      Deleting AREA=/mnt/mtlfs03_adams_test_19988/project2/user2/dir1'
+ '[' -d /mnt/mtlfs03_adams_test_19988/project2/user2/dir1 -a X/mnt/mtlfs03_adams_test_19988 '!=' X -a Xuser2 '!=' X -a Xproject2 '!=' X -a Xdir1 '!=' X ']'
+ /bin/rm -rf /mnt/mtlfs03_adams_test_19988/project2/user2/dir1
+ continue
+ for area in '$(ls ${MountPoint}/${project}/${user}/)'
+ wrLog '-I-      CHECKING AREA=dir2 /mnt/mtlfs03_adams_test_19988/project2/user2/dir2 DIRECTORY'
+ '[' '!' -d directory_cleaner.log ']'
++ date
++ hostname
+ echo 'Sun Oct 30 18:10:14 IST 2016 mtlstadm01.mtl.com directory_cleaner.sh[19988]: -I-      CHECKING AREA=dir2 /mnt/mtlfs03_adams_test_19988/project2/user2/dir2 DIRECTORY'
+ '[' -L /mnt/mtlfs03_adams_test_19988/project2/user2/dir2 ']'
+ objectsAmount=0
+ filesAmount=0
++ find /mnt/mtlfs03_adams_test_19988/project2/user2/dir2 -atime -0 -print
++ wc -l
+ objectsAmount=0
+ '[' 0 -eq 0 ']'
+ wrLog '-I-      No objects found which were accessed during last 0 days in /mnt/mtlfs03_adams_test_19988/project2/user2/dir2'
+ '[' '!' -d directory_cleaner.log ']'
++ date
++ hostname
+ echo 'Sun Oct 30 18:10:14 IST 2016 mtlstadm01.mtl.com directory_cleaner.sh[19988]: -I-      No objects found which were accessed during last 0 days in /mnt/mtlfs03_adams_test_19988/project2/user2/dir2'
+ wrLog '-I-      Deleting AREA=/mnt/mtlfs03_adams_test_19988/project2/user2/dir2'
+ '[' '!' -d directory_cleaner.log ']'
++ date
++ hostname
+ echo 'Sun Oct 30 18:10:14 IST 2016 mtlstadm01.mtl.com directory_cleaner.sh[19988]: -I-      Deleting AREA=/mnt/mtlfs03_adams_test_19988/project2/user2/dir2'
+ '[' -d /mnt/mtlfs03_adams_test_19988/project2/user2/dir2 -a X/mnt/mtlfs03_adams_test_19988 '!=' X -a Xuser2 '!=' X -a Xproject2 '!=' X -a Xdir2 '!=' X ']'
+ /bin/rm -rf /mnt/mtlfs03_adams_test_19988/project2/user2/dir2
+ continue
+ for area in '$(ls ${MountPoint}/${project}/${user}/)'
+ wrLog '-I-      CHECKING AREA=dir3 /mnt/mtlfs03_adams_test_19988/project2/user2/dir3 DIRECTORY'
+ '[' '!' -d directory_cleaner.log ']'
++ date
++ hostname
+ echo 'Sun Oct 30 18:10:14 IST 2016 mtlstadm01.mtl.com directory_cleaner.sh[19988]: -I-      CHECKING AREA=dir3 /mnt/mtlfs03_adams_test_19988/project2/user2/dir3 DIRECTORY'
+ '[' -L /mnt/mtlfs03_adams_test_19988/project2/user2/dir3 ']'
+ objectsAmount=0
+ filesAmount=0
++ find /mnt/mtlfs03_adams_test_19988/project2/user2/dir3 -atime -0 -print
+ objectsAmount=0
+ '[' 0 -eq 0 ']'
+ wrLog '-I-      No objects found which were accessed during last 0 days in /mnt/mtlfs03_adams_test_19988/project2/user2/dir3'
+ '[' '!' -d directory_cleaner.log ']'
++ date
++ hostname
+ echo 'Sun Oct 30 18:10:14 IST 2016 mtlstadm01.mtl.com directory_cleaner.sh[19988]: -I-      No objects found which were accessed during last 0 days in /mnt/mtlfs03_adams_test_19988/project2/user2/dir3'
+ wrLog '-I-      Deleting AREA=/mnt/mtlfs03_adams_test_19988/project2/user2/dir3'
+ '[' '!' -d directory_cleaner.log ']'
++ date
++ hostname
+ echo 'Sun Oct 30 18:10:14 IST 2016 mtlstadm01.mtl.com directory_cleaner.sh[19988]: -I-      Deleting AREA=/mnt/mtlfs03_adams_test_19988/project2/user2/dir3'
+ '[' -d /mnt/mtlfs03_adams_test_19988/project2/user2/dir3 -a X/mnt/mtlfs03_adams_test_19988 '!=' X -a Xuser2 '!=' X -a Xproject2 '!=' X -a Xdir3 '!=' X ']'
+ /bin/rm -rf /mnt/mtlfs03_adams_test_19988/project2/user2/dir3
+ continue
++ ls /mnt/mtlfs03_adams_test_19988/project2/user2/
++ wc -l
+ [[ 0 -eq 0 ]]
++ find /mnt/mtlfs03_adams_test_19988/project2/user2 -type d -mtime -0 -print
++ wc -l
+ [[ 1 -eq 0 ]]
+ wrLog '-I-  USER=user2 /mnt/mtlfs03_adams_test_19988/project2/user2 CHECK FINISHED'
+ '[' '!' -d directory_cleaner.log ']'
++ date
++ hostname
+ echo 'Sun Oct 30 18:10:14 IST 2016 mtlstadm01.mtl.com directory_cleaner.sh[19988]: -I-  USER=user2 /mnt/mtlfs03_adams_test_19988/project2/user2 CHECK FINISHED'
+ for user in '$(ls ${MountPoint}/${project}/)'
+ wrLog '-I-  CHECKING USER=user3 - /mnt/mtlfs03_adams_test_19988/project2/user3 DIRECTORY'
+ '[' '!' -d directory_cleaner.log ']'
++ date
++ hostname
+ echo 'Sun Oct 30 18:10:14 IST 2016 mtlstadm01.mtl.com directory_cleaner.sh[19988]: -I-  CHECKING USER=user3 - /mnt/mtlfs03_adams_test_19988/project2/user3 DIRECTORY'
++ ls /mnt/mtlfs03_adams_test_19988/project2/user3/
+ for area in '$(ls ${MountPoint}/${project}/${user}/)'
+ wrLog '-I-      CHECKING AREA=dir1 /mnt/mtlfs03_adams_test_19988/project2/user3/dir1 DIRECTORY'
+ '[' '!' -d directory_cleaner.log ']'
++ date
++ hostname
+ echo 'Sun Oct 30 18:10:14 IST 2016 mtlstadm01.mtl.com directory_cleaner.sh[19988]: -I-      CHECKING AREA=dir1 /mnt/mtlfs03_adams_test_19988/project2/user3/dir1 DIRECTORY'
+ '[' -L /mnt/mtlfs03_adams_test_19988/project2/user3/dir1 ']'
+ objectsAmount=0
+ filesAmount=0
++ find /mnt/mtlfs03_adams_test_19988/project2/user3/dir1 -atime -0 -print
++ wc -l
+ objectsAmount=0
+ '[' 0 -eq 0 ']'
+ wrLog '-I-      No objects found which were accessed during last 0 days in /mnt/mtlfs03_adams_test_19988/project2/user3/dir1'
+ '[' '!' -d directory_cleaner.log ']'
++ date
++ hostname
+ echo 'Sun Oct 30 18:10:15 IST 2016 mtlstadm01.mtl.com directory_cleaner.sh[19988]: -I-      No objects found which were accessed during last 0 days in /mnt/mtlfs03_adams_test_19988/project2/user3/dir1'
+ wrLog '-I-      Deleting AREA=/mnt/mtlfs03_adams_test_19988/project2/user3/dir1'
+ '[' '!' -d directory_cleaner.log ']'
++ date
++ hostname
+ echo 'Sun Oct 30 18:10:15 IST 2016 mtlstadm01.mtl.com directory_cleaner.sh[19988]: -I-      Deleting AREA=/mnt/mtlfs03_adams_test_19988/project2/user3/dir1'
+ '[' -d /mnt/mtlfs03_adams_test_19988/project2/user3/dir1 -a X/mnt/mtlfs03_adams_test_19988 '!=' X -a Xuser3 '!=' X -a Xproject2 '!=' X -a Xdir1 '!=' X ']'
+ /bin/rm -rf /mnt/mtlfs03_adams_test_19988/project2/user3/dir1
+ continue
+ for area in '$(ls ${MountPoint}/${project}/${user}/)'
+ wrLog '-I-      CHECKING AREA=dir2 /mnt/mtlfs03_adams_test_19988/project2/user3/dir2 DIRECTORY'
+ '[' '!' -d directory_cleaner.log ']'
++ date
++ hostname
+ echo 'Sun Oct 30 18:10:15 IST 2016 mtlstadm01.mtl.com directory_cleaner.sh[19988]: -I-      CHECKING AREA=dir2 /mnt/mtlfs03_adams_test_19988/project2/user3/dir2 DIRECTORY'
+ '[' -L /mnt/mtlfs03_adams_test_19988/project2/user3/dir2 ']'
+ objectsAmount=0
+ filesAmount=0
++ find /mnt/mtlfs03_adams_test_19988/project2/user3/dir2 -atime -0 -print
++ wc -l
+ objectsAmount=0
+ '[' 0 -eq 0 ']'
+ wrLog '-I-      No objects found which were accessed during last 0 days in /mnt/mtlfs03_adams_test_19988/project2/user3/dir2'
+ '[' '!' -d directory_cleaner.log ']'
++ date
++ hostname
+ echo 'Sun Oct 30 18:10:15 IST 2016 mtlstadm01.mtl.com directory_cleaner.sh[19988]: -I-      No objects found which were accessed during last 0 days in /mnt/mtlfs03_adams_test_19988/project2/user3/dir2'
+ wrLog '-I-      Deleting AREA=/mnt/mtlfs03_adams_test_19988/project2/user3/dir2'
+ '[' '!' -d directory_cleaner.log ']'
++ date
++ hostname
+ echo 'Sun Oct 30 18:10:15 IST 2016 mtlstadm01.mtl.com directory_cleaner.sh[19988]: -I-      Deleting AREA=/mnt/mtlfs03_adams_test_19988/project2/user3/dir2'
+ '[' -d /mnt/mtlfs03_adams_test_19988/project2/user3/dir2 -a X/mnt/mtlfs03_adams_test_19988 '!=' X -a Xuser3 '!=' X -a Xproject2 '!=' X -a Xdir2 '!=' X ']'
+ /bin/rm -rf /mnt/mtlfs03_adams_test_19988/project2/user3/dir2
+ continue
+ for area in '$(ls ${MountPoint}/${project}/${user}/)'
+ wrLog '-I-      CHECKING AREA=dir3 /mnt/mtlfs03_adams_test_19988/project2/user3/dir3 DIRECTORY'
+ '[' '!' -d directory_cleaner.log ']'
++ date
++ hostname
+ echo 'Sun Oct 30 18:10:15 IST 2016 mtlstadm01.mtl.com directory_cleaner.sh[19988]: -I-      CHECKING AREA=dir3 /mnt/mtlfs03_adams_test_19988/project2/user3/dir3 DIRECTORY'
+ '[' -L /mnt/mtlfs03_adams_test_19988/project2/user3/dir3 ']'
+ objectsAmount=0
+ filesAmount=0
++ find /mnt/mtlfs03_adams_test_19988/project2/user3/dir3 -atime -0 -print
++ wc -l
+ objectsAmount=0
+ '[' 0 -eq 0 ']'
+ wrLog '-I-      No objects found which were accessed during last 0 days in /mnt/mtlfs03_adams_test_19988/project2/user3/dir3'
+ '[' '!' -d directory_cleaner.log ']'
++ date
++ hostname
+ echo 'Sun Oct 30 18:10:15 IST 2016 mtlstadm01.mtl.com directory_cleaner.sh[19988]: -I-      No objects found which were accessed during last 0 days in /mnt/mtlfs03_adams_test_19988/project2/user3/dir3'
+ wrLog '-I-      Deleting AREA=/mnt/mtlfs03_adams_test_19988/project2/user3/dir3'
+ '[' '!' -d directory_cleaner.log ']'
++ date
++ hostname
+ echo 'Sun Oct 30 18:10:15 IST 2016 mtlstadm01.mtl.com directory_cleaner.sh[19988]: -I-      Deleting AREA=/mnt/mtlfs03_adams_test_19988/project2/user3/dir3'
+ '[' -d /mnt/mtlfs03_adams_test_19988/project2/user3/dir3 -a X/mnt/mtlfs03_adams_test_19988 '!=' X -a Xuser3 '!=' X -a Xproject2 '!=' X -a Xdir3 '!=' X ']'
+ /bin/rm -rf /mnt/mtlfs03_adams_test_19988/project2/user3/dir3
+ continue
++ ls /mnt/mtlfs03_adams_test_19988/project2/user3/
++ wc -l
+ [[ 0 -eq 0 ]]
++ find /mnt/mtlfs03_adams_test_19988/project2/user3 -type d -mtime -0 -print
++ wc -l
+ [[ 1 -eq 0 ]]
+ wrLog '-I-  USER=user3 /mnt/mtlfs03_adams_test_19988/project2/user3 CHECK FINISHED'
+ '[' '!' -d directory_cleaner.log ']'
++ date
++ hostname
+ echo 'Sun Oct 30 18:10:15 IST 2016 mtlstadm01.mtl.com directory_cleaner.sh[19988]: -I-  USER=user3 /mnt/mtlfs03_adams_test_19988/project2/user3 CHECK FINISHED'
+ wrLog '-I- PROJECT=project2 /mnt/mtlfs03_adams_test_19988/project2 CHECK FINISHED'
+ '[' '!' -d directory_cleaner.log ']'
++ date
++ hostname
+ echo 'Sun Oct 30 18:10:15 IST 2016 mtlstadm01.mtl.com directory_cleaner.sh[19988]: -I- PROJECT=project2 /mnt/mtlfs03_adams_test_19988/project2 CHECK FINISHED'
+ for project in '$(ls ${MountPoint}/)'
+ wrLog '-I- CHECKING PROJECT /mnt/mtlfs03_adams_test_19988/project3 DIRECTORY'
+ '[' '!' -d directory_cleaner.log ']'
++ date
++ hostname
+ echo 'Sun Oct 30 18:10:15 IST 2016 mtlstadm01.mtl.com directory_cleaner.sh[19988]: -I- CHECKING PROJECT /mnt/mtlfs03_adams_test_19988/project3 DIRECTORY'
++ ls /mnt/mtlfs03_adams_test_19988/project3/
+ for user in '$(ls ${MountPoint}/${project}/)'
+ wrLog '-I-  CHECKING USER=user1 - /mnt/mtlfs03_adams_test_19988/project3/user1 DIRECTORY'
+ '[' '!' -d directory_cleaner.log ']'
++ date
++ hostname
+ echo 'Sun Oct 30 18:10:15 IST 2016 mtlstadm01.mtl.com directory_cleaner.sh[19988]: -I-  CHECKING USER=user1 - /mnt/mtlfs03_adams_test_19988/project3/user1 DIRECTORY'
++ ls /mnt/mtlfs03_adams_test_19988/project3/user1/
+ for area in '$(ls ${MountPoint}/${project}/${user}/)'
+ wrLog '-I-      CHECKING AREA=dir1 /mnt/mtlfs03_adams_test_19988/project3/user1/dir1 DIRECTORY'
+ '[' '!' -d directory_cleaner.log ']'
++ date
++ hostname
+ echo 'Sun Oct 30 18:10:15 IST 2016 mtlstadm01.mtl.com directory_cleaner.sh[19988]: -I-      CHECKING AREA=dir1 /mnt/mtlfs03_adams_test_19988/project3/user1/dir1 DIRECTORY'
+ '[' -L /mnt/mtlfs03_adams_test_19988/project3/user1/dir1 ']'
+ objectsAmount=0
+ filesAmount=0
++ find /mnt/mtlfs03_adams_test_19988/project3/user1/dir1 -atime -0 -print
++ wc -l
+ objectsAmount=0
+ '[' 0 -eq 0 ']'
+ wrLog '-I-      No objects found which were accessed during last 0 days in /mnt/mtlfs03_adams_test_19988/project3/user1/dir1'
+ '[' '!' -d directory_cleaner.log ']'
++ date
++ hostname
+ echo 'Sun Oct 30 18:10:15 IST 2016 mtlstadm01.mtl.com directory_cleaner.sh[19988]: -I-      No objects found which were accessed during last 0 days in /mnt/mtlfs03_adams_test_19988/project3/user1/dir1'
+ wrLog '-I-      Deleting AREA=/mnt/mtlfs03_adams_test_19988/project3/user1/dir1'
+ '[' '!' -d directory_cleaner.log ']'
++ date
++ hostname
+ echo 'Sun Oct 30 18:10:15 IST 2016 mtlstadm01.mtl.com directory_cleaner.sh[19988]: -I-      Deleting AREA=/mnt/mtlfs03_adams_test_19988/project3/user1/dir1'
+ '[' -d /mnt/mtlfs03_adams_test_19988/project3/user1/dir1 -a X/mnt/mtlfs03_adams_test_19988 '!=' X -a Xuser1 '!=' X -a Xproject3 '!=' X -a Xdir1 '!=' X ']'
+ /bin/rm -rf /mnt/mtlfs03_adams_test_19988/project3/user1/dir1
+ continue
+ for area in '$(ls ${MountPoint}/${project}/${user}/)'
+ wrLog '-I-      CHECKING AREA=dir2 /mnt/mtlfs03_adams_test_19988/project3/user1/dir2 DIRECTORY'
+ '[' '!' -d directory_cleaner.log ']'
++ date
++ hostname
+ echo 'Sun Oct 30 18:10:15 IST 2016 mtlstadm01.mtl.com directory_cleaner.sh[19988]: -I-      CHECKING AREA=dir2 /mnt/mtlfs03_adams_test_19988/project3/user1/dir2 DIRECTORY'
+ '[' -L /mnt/mtlfs03_adams_test_19988/project3/user1/dir2 ']'
+ objectsAmount=0
+ filesAmount=0
++ find /mnt/mtlfs03_adams_test_19988/project3/user1/dir2 -atime -0 -print
++ wc -l
+ objectsAmount=0
+ '[' 0 -eq 0 ']'
+ wrLog '-I-      No objects found which were accessed during last 0 days in /mnt/mtlfs03_adams_test_19988/project3/user1/dir2'
+ '[' '!' -d directory_cleaner.log ']'
++ date
++ hostname
+ echo 'Sun Oct 30 18:10:15 IST 2016 mtlstadm01.mtl.com directory_cleaner.sh[19988]: -I-      No objects found which were accessed during last 0 days in /mnt/mtlfs03_adams_test_19988/project3/user1/dir2'
+ wrLog '-I-      Deleting AREA=/mnt/mtlfs03_adams_test_19988/project3/user1/dir2'
+ '[' '!' -d directory_cleaner.log ']'
++ date
++ hostname
+ echo 'Sun Oct 30 18:10:15 IST 2016 mtlstadm01.mtl.com directory_cleaner.sh[19988]: -I-      Deleting AREA=/mnt/mtlfs03_adams_test_19988/project3/user1/dir2'
+ '[' -d /mnt/mtlfs03_adams_test_19988/project3/user1/dir2 -a X/mnt/mtlfs03_adams_test_19988 '!=' X -a Xuser1 '!=' X -a Xproject3 '!=' X -a Xdir2 '!=' X ']'
+ /bin/rm -rf /mnt/mtlfs03_adams_test_19988/project3/user1/dir2
+ continue
+ for area in '$(ls ${MountPoint}/${project}/${user}/)'
+ wrLog '-I-      CHECKING AREA=dir3 /mnt/mtlfs03_adams_test_19988/project3/user1/dir3 DIRECTORY'
+ '[' '!' -d directory_cleaner.log ']'
++ date
++ hostname
+ echo 'Sun Oct 30 18:10:15 IST 2016 mtlstadm01.mtl.com directory_cleaner.sh[19988]: -I-      CHECKING AREA=dir3 /mnt/mtlfs03_adams_test_19988/project3/user1/dir3 DIRECTORY'
+ '[' -L /mnt/mtlfs03_adams_test_19988/project3/user1/dir3 ']'
+ objectsAmount=0
+ filesAmount=0
++ find /mnt/mtlfs03_adams_test_19988/project3/user1/dir3 -atime -0 -print
++ wc -l
+ objectsAmount=0
+ '[' 0 -eq 0 ']'
+ wrLog '-I-      No objects found which were accessed during last 0 days in /mnt/mtlfs03_adams_test_19988/project3/user1/dir3'
+ '[' '!' -d directory_cleaner.log ']'
++ date
++ hostname
+ echo 'Sun Oct 30 18:10:15 IST 2016 mtlstadm01.mtl.com directory_cleaner.sh[19988]: -I-      No objects found which were accessed during last 0 days in /mnt/mtlfs03_adams_test_19988/project3/user1/dir3'
+ wrLog '-I-      Deleting AREA=/mnt/mtlfs03_adams_test_19988/project3/user1/dir3'
+ '[' '!' -d directory_cleaner.log ']'
++ date
++ hostname
+ echo 'Sun Oct 30 18:10:15 IST 2016 mtlstadm01.mtl.com directory_cleaner.sh[19988]: -I-      Deleting AREA=/mnt/mtlfs03_adams_test_19988/project3/user1/dir3'
+ '[' -d /mnt/mtlfs03_adams_test_19988/project3/user1/dir3 -a X/mnt/mtlfs03_adams_test_19988 '!=' X -a Xuser1 '!=' X -a Xproject3 '!=' X -a Xdir3 '!=' X ']'
+ /bin/rm -rf /mnt/mtlfs03_adams_test_19988/project3/user1/dir3
+ continue
++ ls /mnt/mtlfs03_adams_test_19988/project3/user1/
++ wc -l
+ [[ 0 -eq 0 ]]
++ find /mnt/mtlfs03_adams_test_19988/project3/user1 -type d -mtime -0 -print
++ wc -l
+ [[ 1 -eq 0 ]]
+ wrLog '-I-  USER=user1 /mnt/mtlfs03_adams_test_19988/project3/user1 CHECK FINISHED'
+ '[' '!' -d directory_cleaner.log ']'
++ date
++ hostname
+ echo 'Sun Oct 30 18:10:15 IST 2016 mtlstadm01.mtl.com directory_cleaner.sh[19988]: -I-  USER=user1 /mnt/mtlfs03_adams_test_19988/project3/user1 CHECK FINISHED'
+ for user in '$(ls ${MountPoint}/${project}/)'
+ wrLog '-I-  CHECKING USER=user2 - /mnt/mtlfs03_adams_test_19988/project3/user2 DIRECTORY'
+ '[' '!' -d directory_cleaner.log ']'
++ date
++ hostname
+ echo 'Sun Oct 30 18:10:15 IST 2016 mtlstadm01.mtl.com directory_cleaner.sh[19988]: -I-  CHECKING USER=user2 - /mnt/mtlfs03_adams_test_19988/project3/user2 DIRECTORY'
++ ls /mnt/mtlfs03_adams_test_19988/project3/user2/
+ for area in '$(ls ${MountPoint}/${project}/${user}/)'
+ wrLog '-I-      CHECKING AREA=dir1 /mnt/mtlfs03_adams_test_19988/project3/user2/dir1 DIRECTORY'
+ '[' '!' -d directory_cleaner.log ']'
++ date
++ hostname
+ echo 'Sun Oct 30 18:10:15 IST 2016 mtlstadm01.mtl.com directory_cleaner.sh[19988]: -I-      CHECKING AREA=dir1 /mnt/mtlfs03_adams_test_19988/project3/user2/dir1 DIRECTORY'
+ '[' -L /mnt/mtlfs03_adams_test_19988/project3/user2/dir1 ']'
+ objectsAmount=0
+ filesAmount=0
++ find /mnt/mtlfs03_adams_test_19988/project3/user2/dir1 -atime -0 -print
++ wc -l
+ objectsAmount=0
+ '[' 0 -eq 0 ']'
+ wrLog '-I-      No objects found which were accessed during last 0 days in /mnt/mtlfs03_adams_test_19988/project3/user2/dir1'
+ '[' '!' -d directory_cleaner.log ']'
++ date
++ hostname
+ echo 'Sun Oct 30 18:10:15 IST 2016 mtlstadm01.mtl.com directory_cleaner.sh[19988]: -I-      No objects found which were accessed during last 0 days in /mnt/mtlfs03_adams_test_19988/project3/user2/dir1'
+ wrLog '-I-      Deleting AREA=/mnt/mtlfs03_adams_test_19988/project3/user2/dir1'
+ '[' '!' -d directory_cleaner.log ']'
++ date
++ hostname
+ echo 'Sun Oct 30 18:10:15 IST 2016 mtlstadm01.mtl.com directory_cleaner.sh[19988]: -I-      Deleting AREA=/mnt/mtlfs03_adams_test_19988/project3/user2/dir1'
+ '[' -d /mnt/mtlfs03_adams_test_19988/project3/user2/dir1 -a X/mnt/mtlfs03_adams_test_19988 '!=' X -a Xuser2 '!=' X -a Xproject3 '!=' X -a Xdir1 '!=' X ']'
+ /bin/rm -rf /mnt/mtlfs03_adams_test_19988/project3/user2/dir1
+ continue
+ for area in '$(ls ${MountPoint}/${project}/${user}/)'
+ wrLog '-I-      CHECKING AREA=dir2 /mnt/mtlfs03_adams_test_19988/project3/user2/dir2 DIRECTORY'
+ '[' '!' -d directory_cleaner.log ']'
++ date
++ hostname
+ echo 'Sun Oct 30 18:10:15 IST 2016 mtlstadm01.mtl.com directory_cleaner.sh[19988]: -I-      CHECKING AREA=dir2 /mnt/mtlfs03_adams_test_19988/project3/user2/dir2 DIRECTORY'
+ '[' -L /mnt/mtlfs03_adams_test_19988/project3/user2/dir2 ']'
+ objectsAmount=0
+ filesAmount=0
++ wc -l
+ objectsAmount=0
+ '[' 0 -eq 0 ']'
+ wrLog '-I-      No objects found which were accessed during last 0 days in /mnt/mtlfs03_adams_test_19988/project3/user2/dir2'
+ '[' '!' -d directory_cleaner.log ']'
++ date
++ hostname
+ echo 'Sun Oct 30 18:10:15 IST 2016 mtlstadm01.mtl.com directory_cleaner.sh[19988]: -I-      No objects found which were accessed during last 0 days in /mnt/mtlfs03_adams_test_19988/project3/user2/dir2'
+ wrLog '-I-      Deleting AREA=/mnt/mtlfs03_adams_test_19988/project3/user2/dir2'
+ '[' '!' -d directory_cleaner.log ']'
++ date
++ hostname
+ echo 'Sun Oct 30 18:10:15 IST 2016 mtlstadm01.mtl.com directory_cleaner.sh[19988]: -I-      Deleting AREA=/mnt/mtlfs03_adams_test_19988/project3/user2/dir2'
+ '[' -d /mnt/mtlfs03_adams_test_19988/project3/user2/dir2 -a X/mnt/mtlfs03_adams_test_19988 '!=' X -a Xuser2 '!=' X -a Xproject3 '!=' X -a Xdir2 '!=' X ']'
+ /bin/rm -rf /mnt/mtlfs03_adams_test_19988/project3/user2/dir2
+ continue
+ for area in '$(ls ${MountPoint}/${project}/${user}/)'
+ wrLog '-I-      CHECKING AREA=dir3 /mnt/mtlfs03_adams_test_19988/project3/user2/dir3 DIRECTORY'
+ '[' '!' -d directory_cleaner.log ']'
++ date
++ hostname
+ echo 'Sun Oct 30 18:10:15 IST 2016 mtlstadm01.mtl.com directory_cleaner.sh[19988]: -I-      CHECKING AREA=dir3 /mnt/mtlfs03_adams_test_19988/project3/user2/dir3 DIRECTORY'
+ '[' -L /mnt/mtlfs03_adams_test_19988/project3/user2/dir3 ']'
+ objectsAmount=0
+ filesAmount=0
++ find /mnt/mtlfs03_adams_test_19988/project3/user2/dir3 -atime -0 -print
++ wc -l
+ objectsAmount=0
+ '[' 0 -eq 0 ']'
+ wrLog '-I-      No objects found which were accessed during last 0 days in /mnt/mtlfs03_adams_test_19988/project3/user2/dir3'
+ '[' '!' -d directory_cleaner.log ']'
++ date
++ hostname
+ echo 'Sun Oct 30 18:10:15 IST 2016 mtlstadm01.mtl.com directory_cleaner.sh[19988]: -I-      No objects found which were accessed during last 0 days in /mnt/mtlfs03_adams_test_19988/project3/user2/dir3'
+ wrLog '-I-      Deleting AREA=/mnt/mtlfs03_adams_test_19988/project3/user2/dir3'
+ '[' '!' -d directory_cleaner.log ']'
++ date
++ hostname
+ echo 'Sun Oct 30 18:10:15 IST 2016 mtlstadm01.mtl.com directory_cleaner.sh[19988]: -I-      Deleting AREA=/mnt/mtlfs03_adams_test_19988/project3/user2/dir3'
+ '[' -d /mnt/mtlfs03_adams_test_19988/project3/user2/dir3 -a X/mnt/mtlfs03_adams_test_19988 '!=' X -a Xuser2 '!=' X -a Xproject3 '!=' X -a Xdir3 '!=' X ']'
+ /bin/rm -rf /mnt/mtlfs03_adams_test_19988/project3/user2/dir3
+ continue
++ ls /mnt/mtlfs03_adams_test_19988/project3/user2/
++ wc -l
+ [[ 0 -eq 0 ]]
++ find /mnt/mtlfs03_adams_test_19988/project3/user2 -type d -mtime -0 -print
++ wc -l
+ [[ 1 -eq 0 ]]
+ wrLog '-I-  USER=user2 /mnt/mtlfs03_adams_test_19988/project3/user2 CHECK FINISHED'
+ '[' '!' -d directory_cleaner.log ']'
++ date
++ hostname
+ echo 'Sun Oct 30 18:10:15 IST 2016 mtlstadm01.mtl.com directory_cleaner.sh[19988]: -I-  USER=user2 /mnt/mtlfs03_adams_test_19988/project3/user2 CHECK FINISHED'
+ for user in '$(ls ${MountPoint}/${project}/)'
+ wrLog '-I-  CHECKING USER=user3 - /mnt/mtlfs03_adams_test_19988/project3/user3 DIRECTORY'
+ '[' '!' -d directory_cleaner.log ']'
++ date
++ hostname
+ echo 'Sun Oct 30 18:10:15 IST 2016 mtlstadm01.mtl.com directory_cleaner.sh[19988]: -I-  CHECKING USER=user3 - /mnt/mtlfs03_adams_test_19988/project3/user3 DIRECTORY'
++ ls /mnt/mtlfs03_adams_test_19988/project3/user3/
+ for area in '$(ls ${MountPoint}/${project}/${user}/)'
+ wrLog '-I-      CHECKING AREA=dir1 /mnt/mtlfs03_adams_test_19988/project3/user3/dir1 DIRECTORY'
+ '[' '!' -d directory_cleaner.log ']'
++ date
++ hostname
+ echo 'Sun Oct 30 18:10:15 IST 2016 mtlstadm01.mtl.com directory_cleaner.sh[19988]: -I-      CHECKING AREA=dir1 /mnt/mtlfs03_adams_test_19988/project3/user3/dir1 DIRECTORY'
+ '[' -L /mnt/mtlfs03_adams_test_19988/project3/user3/dir1 ']'
+ objectsAmount=0
+ filesAmount=0
++ find /mnt/mtlfs03_adams_test_19988/project3/user3/dir1 -atime -0 -print
++ wc -l
+ objectsAmount=0
+ '[' 0 -eq 0 ']'
+ wrLog '-I-      No objects found which were accessed during last 0 days in /mnt/mtlfs03_adams_test_19988/project3/user3/dir1'
+ '[' '!' -d directory_cleaner.log ']'
++ date
++ hostname
+ echo 'Sun Oct 30 18:10:15 IST 2016 mtlstadm01.mtl.com directory_cleaner.sh[19988]: -I-      No objects found which were accessed during last 0 days in /mnt/mtlfs03_adams_test_19988/project3/user3/dir1'
+ wrLog '-I-      Deleting AREA=/mnt/mtlfs03_adams_test_19988/project3/user3/dir1'
+ '[' '!' -d directory_cleaner.log ']'
++ date
++ hostname
+ echo 'Sun Oct 30 18:10:15 IST 2016 mtlstadm01.mtl.com directory_cleaner.sh[19988]: -I-      Deleting AREA=/mnt/mtlfs03_adams_test_19988/project3/user3/dir1'
+ '[' -d /mnt/mtlfs03_adams_test_19988/project3/user3/dir1 -a X/mnt/mtlfs03_adams_test_19988 '!=' X -a Xuser3 '!=' X -a Xproject3 '!=' X -a Xdir1 '!=' X ']'
+ /bin/rm -rf /mnt/mtlfs03_adams_test_19988/project3/user3/dir1
+ continue
+ for area in '$(ls ${MountPoint}/${project}/${user}/)'
+ wrLog '-I-      CHECKING AREA=dir2 /mnt/mtlfs03_adams_test_19988/project3/user3/dir2 DIRECTORY'
+ '[' '!' -d directory_cleaner.log ']'
++ date
++ hostname
+ echo 'Sun Oct 30 18:10:15 IST 2016 mtlstadm01.mtl.com directory_cleaner.sh[19988]: -I-      CHECKING AREA=dir2 /mnt/mtlfs03_adams_test_19988/project3/user3/dir2 DIRECTORY'
+ '[' -L /mnt/mtlfs03_adams_test_19988/project3/user3/dir2 ']'
+ objectsAmount=0
+ filesAmount=0
++ find /mnt/mtlfs03_adams_test_19988/project3/user3/dir2 -atime -0 -print
++ wc -l
+ objectsAmount=0
+ '[' 0 -eq 0 ']'
+ wrLog '-I-      No objects found which were accessed during last 0 days in /mnt/mtlfs03_adams_test_19988/project3/user3/dir2'
+ '[' '!' -d directory_cleaner.log ']'
++ date
++ hostname
+ echo 'Sun Oct 30 18:10:15 IST 2016 mtlstadm01.mtl.com directory_cleaner.sh[19988]: -I-      No objects found which were accessed during last 0 days in /mnt/mtlfs03_adams_test_19988/project3/user3/dir2'
+ wrLog '-I-      Deleting AREA=/mnt/mtlfs03_adams_test_19988/project3/user3/dir2'
+ '[' '!' -d directory_cleaner.log ']'
++ date
++ hostname
+ echo 'Sun Oct 30 18:10:15 IST 2016 mtlstadm01.mtl.com directory_cleaner.sh[19988]: -I-      Deleting AREA=/mnt/mtlfs03_adams_test_19988/project3/user3/dir2'
+ '[' -d /mnt/mtlfs03_adams_test_19988/project3/user3/dir2 -a X/mnt/mtlfs03_adams_test_19988 '!=' X -a Xuser3 '!=' X -a Xproject3 '!=' X -a Xdir2 '!=' X ']'
+ /bin/rm -rf /mnt/mtlfs03_adams_test_19988/project3/user3/dir2
+ continue
+ for area in '$(ls ${MountPoint}/${project}/${user}/)'
+ wrLog '-I-      CHECKING AREA=dir3 /mnt/mtlfs03_adams_test_19988/project3/user3/dir3 DIRECTORY'
+ '[' '!' -d directory_cleaner.log ']'
++ date
++ hostname
+ echo 'Sun Oct 30 18:10:15 IST 2016 mtlstadm01.mtl.com directory_cleaner.sh[19988]: -I-      CHECKING AREA=dir3 /mnt/mtlfs03_adams_test_19988/project3/user3/dir3 DIRECTORY'
+ '[' -L /mnt/mtlfs03_adams_test_19988/project3/user3/dir3 ']'
+ objectsAmount=0
+ filesAmount=0
++ find /mnt/mtlfs03_adams_test_19988/project3/user3/dir3 -atime -0 -print
++ wc -l
+ objectsAmount=0
+ '[' 0 -eq 0 ']'
+ wrLog '-I-      No objects found which were accessed during last 0 days in /mnt/mtlfs03_adams_test_19988/project3/user3/dir3'
+ '[' '!' -d directory_cleaner.log ']'
++ date
++ hostname
+ echo 'Sun Oct 30 18:10:15 IST 2016 mtlstadm01.mtl.com directory_cleaner.sh[19988]: -I-      No objects found which were accessed during last 0 days in /mnt/mtlfs03_adams_test_19988/project3/user3/dir3'
+ wrLog '-I-      Deleting AREA=/mnt/mtlfs03_adams_test_19988/project3/user3/dir3'
+ '[' '!' -d directory_cleaner.log ']'
++ date
++ hostname
+ echo 'Sun Oct 30 18:10:15 IST 2016 mtlstadm01.mtl.com directory_cleaner.sh[19988]: -I-      Deleting AREA=/mnt/mtlfs03_adams_test_19988/project3/user3/dir3'
+ '[' -d /mnt/mtlfs03_adams_test_19988/project3/user3/dir3 -a X/mnt/mtlfs03_adams_test_19988 '!=' X -a Xuser3 '!=' X -a Xproject3 '!=' X -a Xdir3 '!=' X ']'
+ /bin/rm -rf /mnt/mtlfs03_adams_test_19988/project3/user3/dir3
+ continue
++ ls /mnt/mtlfs03_adams_test_19988/project3/user3/
++ wc -l
+ [[ 0 -eq 0 ]]
++ find /mnt/mtlfs03_adams_test_19988/project3/user3 -type d -mtime -0 -print
++ wc -l
+ [[ 1 -eq 0 ]]
+ wrLog '-I-  USER=user3 /mnt/mtlfs03_adams_test_19988/project3/user3 CHECK FINISHED'
+ '[' '!' -d directory_cleaner.log ']'
++ date
++ hostname
+ echo 'Sun Oct 30 18:10:15 IST 2016 mtlstadm01.mtl.com directory_cleaner.sh[19988]: -I-  USER=user3 /mnt/mtlfs03_adams_test_19988/project3/user3 CHECK FINISHED'
+ wrLog '-I- PROJECT=project3 /mnt/mtlfs03_adams_test_19988/project3 CHECK FINISHED'
+ '[' '!' -d directory_cleaner.log ']'
++ date
++ hostname
+ echo 'Sun Oct 30 18:10:15 IST 2016 mtlstadm01.mtl.com directory_cleaner.sh[19988]: -I- PROJECT=project3 /mnt/mtlfs03_adams_test_19988/project3 CHECK FINISHED'
+ wrLog '-I- HERTMP3 CLEANING PROCEDURE FINISHED'
+ '[' '!' -d directory_cleaner.log ']'
++ date
++ hostname
+ echo 'Sun Oct 30 18:10:15 IST 2016 mtlstadm01.mtl.com directory_cleaner.sh[19988]: -I- HERTMP3 CLEANING PROCEDURE FINISHED'
+ wrLog '-I- TRYING TO UNMOUNT /mnt/mtlfs03_adams_test_19988 '
+ '[' '!' -d directory_cleaner.log ']'
++ date
++ hostname
+ echo 'Sun Oct 30 18:10:15 IST 2016 mtlstadm01.mtl.com directory_cleaner.sh[19988]: -I- TRYING TO UNMOUNT /mnt/mtlfs03_adams_test_19988 '
+ /bin/umount /mnt/mtlfs03_adams_test_19988
+ wrLog '-I- /mnt/mtlfs03_adams_test_19988 UNMOUNTED'
+ '[' '!' -d directory_cleaner.log ']'
++ date
++ hostname
+ echo 'Sun Oct 30 18:10:15 IST 2016 mtlstadm01.mtl.com directory_cleaner.sh[19988]: -I- /mnt/mtlfs03_adams_test_19988 UNMOUNTED'
+ wrLog '-I- TRYING TO REMOVE MOUNTPOINT /mnt/mtlfs03_adams_test_19988'
+ '[' '!' -d directory_cleaner.log ']'
++ date
++ hostname
+ echo 'Sun Oct 30 18:10:15 IST 2016 mtlstadm01.mtl.com directory_cleaner.sh[19988]: -I- TRYING TO REMOVE MOUNTPOINT /mnt/mtlfs03_adams_test_19988'
+ /bin/rmdir /mnt/mtlfs03_adams_test_19988
+ wrLog '-I- REMOVED MOUNTPOINT /mnt/mtlfs03_adams_test_19988'
+ '[' '!' -d directory_cleaner.log ']'
++ date
++ hostname
+ echo 'Sun Oct 30 18:10:15 IST 2016 mtlstadm01.mtl.com directory_cleaner.sh[19988]: -I- REMOVED MOUNTPOINT /mnt/mtlfs03_adams_test_19988'
+ wrLog '-I- AUTOMATIC CLEANER TESTING END'
+ '[' '!' -d directory_cleaner.log ']'
++ date
++ hostname
+ echo 'Sun Oct 30 18:10:15 IST 2016 mtlstadm01.mtl.com directory_cleaner.sh[19988]: -I- AUTOMATIC CLEANER TESTING END'
+ rm -f /tmp/tmp.VI1RLLX1vP
+ exit 0
